Hello from context manager!
This file will be closed automatically.
